C:\Users\xubin\.kimi-code\bin\kimi.exe : 鈥?Read kimi-task.md first.This is a substantial task. Let me explore the codeb
ase first. I'll use explore agents to understand the relevant files, or read them directly. The files are specific. Let
 me look at the structure.Note: useDevice/returnDevice rely on `idle`/`in_use` statuses. Task 2 says statuses become no
rmal/repair/paused/scrapped. Migration: idle, in_use 鈫?normal. But useDevice checks `device.status !== 'idle'` and sets
 'in_use'... Hmm. The task says update all places involving this field: forms, detail page, mobile status tags, utils/f
ormat.js, buildInstrumentPayload, list filtering. It doesn't explicitly mention useDevice/returnDevice. But after migra
tion, 'idle'/'in_use' values will no longer exist, so useDevice would always fail ("璁惧宸茶棰嗙敤"). The task says "鏇存柊鎵€鏈夋
秹鍙婅瀛楁鐨勫湴鏂? with specific listed items. The borrow/return flow... Task checklist says buildInstrumentPayload and list 
filter. But to keep functionality working, useDevice/returnDevice reference idle/in_use. Hmm 鈥?task 2 says "澶嶇敤鐜版湁 stat
us 瀛楁锛屾灇涓炬敼涓猴細姝ｅ父銆佺淮淇€佹殏鍋溿€佹姤搴?. The borrow/return usage flow conflicts. The spec doesn't mention changing useDevice/
returnDevice. Minimal changes: I should update them to use 'normal' instead of idle/in_use to keep them functional, sin
ce ENUM no longer contains idle/in_use 鈥?otherwise updating status to 'in_use' would throw a DB error. That's a necessa
ry sync. I'll update useDevice to check `device.status !== 'normal'` and set... hmm, but then what does "use" mean? Set
ting status to 'normal' when already normal and tracking borrower. Actually with new enum, borrowing doesn't change sta
tus anymore. Minimal: keep borrower tracking, set status remains 'normal'... Let me think: `if (device.status !== 'norm
al') return fail(...)` 鈥?device in repair/paused/scrapped cannot be borrowed. On use: set borrower only (status stays n
ormal). On return: clear borrower. But the check `device.status !== 'in_use'` for return would break; change to check b
orrower presence.
    + CategoryInfo          : NotSpecified: (鈥?Read kimi-tas...rower presence.:String) [], RemoteException
    + FullyQualifiedErrorId : NativeCommandError
 

  That's a reasonable minimal adaptation. I'll do that.

